###############################################################################
#
# IAR ELF Linker V7.50.2.10312/W32 for ARM                05/Aug/2021  13:04:50
# Copyright 2007-2015 IAR Systems AB.
#
#    Output file  =  D:\kovalskiy\workspace\iar_remote_led\Debug\Exe\c.out
#    Map file     =  D:\kovalskiy\workspace\iar_remote_led\Debug\List\c.map
#    Command line =  
#        D:\kovalskiy\workspace\iar_remote_led\Debug\Obj\bsp_tm4c123g_launchpad.o
#        "C:\Program
#        Files\ARM\CSL\TexasInstruments\TivaWare\driverlib\ewarm\Exe\driverlib.a"
#        D:\kovalskiy\workspace\iar_remote_led\Debug\Obj\main.o
#        D:\kovalskiy\workspace\iar_remote_led\Debug\Obj\startup_LM4F.o
#        D:\kovalskiy\workspace\iar_remote_led\Debug\Obj\system_LM4F_19,2MHz.o
#        -o D:\kovalskiy\workspace\iar_remote_led\Debug\Exe\c.out --redirect
#        _Printf=_PrintfFull --redirect _Scanf=_ScanfFull --map
#        D:\kovalskiy\workspace\iar_remote_led\Debug\List\c.map --config
#        "C:\Program Files (x86)\IAR Systems\Embedded Workbench
#        7.3\arm\config\linker\TexasInstruments\TM4C123GH6.icf" --semihosting
#        --entry __iar_program_start --vfe
#
###############################################################################

*******************************************************************************
*** RUNTIME MODEL ATTRIBUTES
***

CppFlavor       = *
__SystemLibrary = DLib


*******************************************************************************
*** PLACEMENT SUMMARY
***

"A1":  place at 0x00000000 { ro section .intvec };
"P1":  place in [from 0x00000000 to 0x0003ffff] { ro };
"P2":  place in [from 0x20000000 to 0x20007fff] { rw, block CSTACK, block HEAP };

  Section   Kind        Address    Size  Object
  -------   ----        -------    ----  ------
"A1":                             0x26c
  .intvec   ro code  0x00000000   0x26c  startup_LM4F.o [1]
                   - 0x0000026c   0x26c

"P1":                             0xc14
  .text     ro code  0x0000026c   0x348  gpio.o [4]
  .text     ro code  0x000005b4   0x1e8  sysctl.o [4]
  .text     ro code  0x0000079c   0x180  main.o [1]
  .text     ro code  0x0000091c    0xce  uart.o [4]
  .text     ro code  0x000009ec    0xf8  bsp_tm4c123g_launchpad.o [1]
  .text     ro code  0x00000ae4    0x84  interrupt.o [4]
  .text     ro code  0x00000b68     0x8  cpu.o [4]
  .text     ro code  0x00000b70    0x9c  system_LM4F_19,2MHz.o [1]
  .text     ro code  0x00000c0c    0x22  fpinit_M.o [5]
  .text     ro code  0x00000c30    0x1a  cmain.o [6]
  .text     ro code  0x00000c4a     0x4  low_level_init.o [3]
  .text     ro code  0x00000c4e     0x4  exit.o [3]
  .text     ro code  0x00000c54     0xa  cexit.o [6]
  .text     ro code  0x00000c60    0x14  exit.o [7]
  .text     ro code  0x00000c74    0x10  startup_LM4F.o [1]
  .text     ro code  0x00000c84     0xc  cstartup_M.o [6]
  .rodata   const    0x00000c90     0x4  main.o [1]
  .text     ro code  0x00000c94     0x4  startup_LM4F.o [1]
  .text     ro code  0x00000c98     0x4  startup_LM4F.o [1]
  .text     ro code  0x00000c9c     0x4  startup_LM4F.o [1]
  .text     ro code  0x00000ca0     0x4  startup_LM4F.o [1]
  .text     ro code  0x00000ca4     0x4  startup_LM4F.o [1]
  .text     ro code  0x00000ca8     0x4  startup_LM4F.o [1]
  .text     ro code  0x00000cac     0x4  startup_LM4F.o [1]
  .text     ro code  0x00000cb0     0x4  startup_LM4F.o [1]
  .text     ro code  0x00000cb4     0x4  startup_LM4F.o [1]
  .text     ro code  0x00000cb8     0x4  startup_LM4F.o [1]
  .text     ro code  0x00000cbc     0x4  startup_LM4F.o [1]
  .text     ro code  0x00000cc0     0x4  startup_LM4F.o [1]
  .text     ro code  0x00000cc4     0x4  startup_LM4F.o [1]
  .text     ro code  0x00000cc8     0x4  startup_LM4F.o [1]
  .text     ro code  0x00000ccc     0x4  startup_LM4F.o [1]
  .text     ro code  0x00000cd0     0x4  startup_LM4F.o [1]
  .text     ro code  0x00000cd4     0x4  startup_LM4F.o [1]
  .text     ro code  0x00000cd8     0x4  startup_LM4F.o [1]
  .text     ro code  0x00000cdc     0x4  startup_LM4F.o [1]
  .text     ro code  0x00000ce0     0x4  startup_LM4F.o [1]
  .text     ro code  0x00000ce4     0x4  startup_LM4F.o [1]
  .text     ro code  0x00000ce8     0x4  startup_LM4F.o [1]
  .text     ro code  0x00000cec     0x4  startup_LM4F.o [1]
  .text     ro code  0x00000cf0     0x4  startup_LM4F.o [1]
  .text     ro code  0x00000cf4     0x4  startup_LM4F.o [1]
  .text     ro code  0x00000cf8     0x4  startup_LM4F.o [1]
  .text     ro code  0x00000cfc     0x4  startup_LM4F.o [1]
  .text     ro code  0x00000d00     0x4  startup_LM4F.o [1]
  .text     ro code  0x00000d04     0x4  startup_LM4F.o [1]
  .text     ro code  0x00000d08     0x4  startup_LM4F.o [1]
  .text     ro code  0x00000d0c     0x4  startup_LM4F.o [1]
  .text     ro code  0x00000d10     0x4  startup_LM4F.o [1]
  .text     ro code  0x00000d14     0x4  startup_LM4F.o [1]
  .text     ro code  0x00000d18     0x4  startup_LM4F.o [1]
  .text     ro code  0x00000d1c     0x4  startup_LM4F.o [1]
  .text     ro code  0x00000d20     0x4  startup_LM4F.o [1]
  .text     ro code  0x00000d24     0x4  startup_LM4F.o [1]
  .text     ro code  0x00000d28     0x4  startup_LM4F.o [1]
  .text     ro code  0x00000d2c     0x4  startup_LM4F.o [1]
  .text     ro code  0x00000d30     0x4  startup_LM4F.o [1]
  .text     ro code  0x00000d34     0x4  startup_LM4F.o [1]
  .text     ro code  0x00000d38     0x4  startup_LM4F.o [1]
  .text     ro code  0x00000d3c     0x4  startup_LM4F.o [1]
  .text     ro code  0x00000d40     0x4  startup_LM4F.o [1]
  .text     ro code  0x00000d44     0x4  startup_LM4F.o [1]
  .text     ro code  0x00000d48     0x4  startup_LM4F.o [1]
  .text     ro code  0x00000d4c     0x4  startup_LM4F.o [1]
  .text     ro code  0x00000d50     0x4  startup_LM4F.o [1]
  .text     ro code  0x00000d54     0x4  startup_LM4F.o [1]
  .text     ro code  0x00000d58     0x4  startup_LM4F.o [1]
  .text     ro code  0x00000d5c     0x4  startup_LM4F.o [1]
  .text     ro code  0x00000d60     0x4  startup_LM4F.o [1]
  .text     ro code  0x00000d64     0x4  startup_LM4F.o [1]
  .text     ro code  0x00000d68     0x4  startup_LM4F.o [1]
  .text     ro code  0x00000d6c     0x4  startup_LM4F.o [1]
  .text     ro code  0x00000d70     0x4  startup_LM4F.o [1]
  .text     ro code  0x00000d74     0x4  startup_LM4F.o [1]
  .text     ro code  0x00000d78     0x4  startup_LM4F.o [1]
  .text     ro code  0x00000d7c     0x4  startup_LM4F.o [1]
  .text     ro code  0x00000d80     0x4  startup_LM4F.o [1]
  .text     ro code  0x00000d84     0x4  startup_LM4F.o [1]
  .text     ro code  0x00000d88     0x4  startup_LM4F.o [1]
  .text     ro code  0x00000d8c     0x4  startup_LM4F.o [1]
  .text     ro code  0x00000d90     0x4  startup_LM4F.o [1]
  .text     ro code  0x00000d94     0x4  startup_LM4F.o [1]
  .text     ro code  0x00000d98     0x4  startup_LM4F.o [1]
  .text     ro code  0x00000d9c     0x4  startup_LM4F.o [1]
  .text     ro code  0x00000da0     0x4  startup_LM4F.o [1]
  .text     ro code  0x00000da4     0x4  startup_LM4F.o [1]
  .text     ro code  0x00000da8     0x4  startup_LM4F.o [1]
  .text     ro code  0x00000dac     0x4  startup_LM4F.o [1]
  .text     ro code  0x00000db0     0x4  startup_LM4F.o [1]
  .text     ro code  0x00000db4     0x4  startup_LM4F.o [1]
  .text     ro code  0x00000db8     0x4  startup_LM4F.o [1]
  .text     ro code  0x00000dbc     0x4  startup_LM4F.o [1]
  .text     ro code  0x00000dc0     0x4  startup_LM4F.o [1]
  .text     ro code  0x00000dc4     0x4  startup_LM4F.o [1]
  .text     ro code  0x00000dc8     0x4  startup_LM4F.o [1]
  .text     ro code  0x00000dcc     0x4  startup_LM4F.o [1]
  .text     ro code  0x00000dd0     0x4  startup_LM4F.o [1]
  .text     ro code  0x00000dd4     0x4  startup_LM4F.o [1]
  .text     ro code  0x00000dd8     0x4  startup_LM4F.o [1]
  .text     ro code  0x00000ddc     0x4  startup_LM4F.o [1]
  .text     ro code  0x00000de0     0x4  startup_LM4F.o [1]
  .text     ro code  0x00000de4     0x4  startup_LM4F.o [1]
  .text     ro code  0x00000de8     0x4  startup_LM4F.o [1]
  .text     ro code  0x00000dec     0x4  startup_LM4F.o [1]
  .text     ro code  0x00000df0     0x4  startup_LM4F.o [1]
  .text     ro code  0x00000df4     0x4  startup_LM4F.o [1]
  .text     ro code  0x00000df8     0x4  startup_LM4F.o [1]
  .text     ro code  0x00000dfc     0x4  startup_LM4F.o [1]
  .text     ro code  0x00000e00     0x4  startup_LM4F.o [1]
  .text     ro code  0x00000e04     0x4  startup_LM4F.o [1]
  .text     ro code  0x00000e08     0x4  startup_LM4F.o [1]
  .text     ro code  0x00000e0c     0x4  startup_LM4F.o [1]
  .text     ro code  0x00000e10     0x4  startup_LM4F.o [1]
  .text     ro code  0x00000e14     0x4  startup_LM4F.o [1]
  .text     ro code  0x00000e18     0x4  startup_LM4F.o [1]
  .text     ro code  0x00000e1c     0x4  startup_LM4F.o [1]
  .text     ro code  0x00000e20     0x4  startup_LM4F.o [1]
  .text     ro code  0x00000e24     0x4  startup_LM4F.o [1]
  .text     ro code  0x00000e28     0x4  startup_LM4F.o [1]
  .text     ro code  0x00000e2c     0x4  startup_LM4F.o [1]
  .text     ro code  0x00000e30     0x4  startup_LM4F.o [1]
  .text     ro code  0x00000e34     0x4  startup_LM4F.o [1]
  .text     ro code  0x00000e38     0x4  startup_LM4F.o [1]
  .text     ro code  0x00000e3c     0x4  startup_LM4F.o [1]
  .text     ro code  0x00000e40     0x4  startup_LM4F.o [1]
  .text     ro code  0x00000e44     0x4  startup_LM4F.o [1]
  .text     ro code  0x00000e48     0x4  startup_LM4F.o [1]
  .text     ro code  0x00000e4c     0x4  startup_LM4F.o [1]
  .text     ro code  0x00000e50     0x4  startup_LM4F.o [1]
  .text     ro code  0x00000e54     0x4  startup_LM4F.o [1]
  .text     ro code  0x00000e58     0x4  startup_LM4F.o [1]
  .text     ro code  0x00000e5c     0x4  startup_LM4F.o [1]
  .text     ro code  0x00000e60     0x4  startup_LM4F.o [1]
  .text     ro code  0x00000e64     0x4  startup_LM4F.o [1]
  .text     ro code  0x00000e68     0x4  startup_LM4F.o [1]
  .text     ro code  0x00000e6c     0x4  startup_LM4F.o [1]
  .text     ro code  0x00000e70     0x4  startup_LM4F.o [1]
  .text     ro code  0x00000e74     0x4  startup_LM4F.o [1]
  .text     ro code  0x00000e78     0x4  startup_LM4F.o [1]
  .text     ro code  0x00000e7c     0x4  startup_LM4F.o [1]
                   - 0x00000e80   0xc14

"P2":                            0x1000
  CSTACK             0x20000000  0x1000  <Block>
    CSTACK  uninit   0x20000000  0x1000  <Block tail>
                   - 0x20001000  0x1000



*******************************************************************************
*** MODULE SUMMARY
***

    Module                    ro code  ro data  rw data
    ------                    -------  -------  -------
D:\kovalskiy\workspace\iar_remote_led\Debug\Obj: [1]
    bsp_tm4c123g_launchpad.o      248
    main.o                        384        4
    startup_LM4F.o              1 128
    system_LM4F_19,2MHz.o         156
    ---------------------------------------------------
    Total:                      1 916        4

command line: [2]
    ---------------------------------------------------
    Total:

dl7M_tln.a: [3]
    exit.o                          4
    low_level_init.o                4
    ---------------------------------------------------
    Total:                          8

driverlib.a: [4]
    cpu.o                           8
    gpio.o                        840
    interrupt.o                   132
    sysctl.o                      488
    uart.o                        206
    ---------------------------------------------------
    Total:                      1 674

m7M_tls.a: [5]
    fpinit_M.o                     34
    ---------------------------------------------------
    Total:                         34

rt7M_tl.a: [6]
    cexit.o                        10
    cmain.o                        26
    cstartup_M.o                   12
    ---------------------------------------------------
    Total:                         48

shb_l.a: [7]
    exit.o                         20
    ---------------------------------------------------
    Total:                         20

    Gaps                            8
    Linker created                                4 096
-------------------------------------------------------
    Grand Total:                3 708        4    4 096


*******************************************************************************
*** ENTRY LIST
***

Entry                      Address   Size  Type      Object
-----                      -------   ----  ----      ------
?main                   0x00000c31         Code  Gb  cmain.o [6]
CPUcpsie                0x00000b69    0x8  Code  Gb  cpu.o [4]
CSTACK$$Base            0x20000000          --   Gb  - Linker created -
CSTACK$$Limit           0x20001000          --   Gb  - Linker created -
GPIODirModeSet          0x0000026d   0x28  Code  Gb  gpio.o [4]
GPIOF_Handler           0x0000079f   0x8c  Code  Gb  main.o [1]
GPIOIntClear            0x0000046b    0x6  Code  Gb  gpio.o [4]
GPIOIntEnable           0x00000455    0x6  Code  Gb  gpio.o [4]
GPIOIntStatus           0x0000045b   0x10  Code  Gb  gpio.o [4]
GPIOIntTypeSet          0x00000295   0x4c  Code  Gb  gpio.o [4]
GPIOPadConfigSet        0x000002e1  0x174  Code  Gb  gpio.o [4]
GPIOPinConfigure        0x000004d5   0x38  Code  Gb  gpio.o [4]
GPIOPinRead             0x00000471    0x6  Code  Gb  gpio.o [4]
GPIOPinTypeGPIOInput    0x00000481   0x14  Code  Gb  gpio.o [4]
GPIOPinTypeGPIOOutput   0x00000495    0xa  Code  Gb  gpio.o [4]
GPIOPinTypeUART         0x000004b9   0x14  Code  Gb  gpio.o [4]
GPIOPinWrite            0x00000477    0x6  Code  Gb  gpio.o [4]
HwSetup                 0x000009ed   0x58  Code  Gb  bsp_tm4c123g_launchpad.o [1]
IntEnable               0x00000af5   0x56  Code  Gb  interrupt.o [4]
IntMasterEnable         0x00000ae5    0x8  Code  Gb  interrupt.o [4]
Region$$Table$$Base     0x00000000          --   Gb  - Linker created -
Region$$Table$$Limit    0x00000000          --   Gb  - Linker created -
SysCtlClockGet          0x000005f1  0x110  Code  Gb  sysctl.o [4]
SysCtlPeripheralEnable  0x000005d5    0x8  Code  Gb  sysctl.o [4]
SysCtlPeripheralReady   0x000005b5    0x8  Code  Gb  sysctl.o [4]
SystemInit              0x00000b71   0x6a  Code  Gb  system_LM4F_19,2MHz.o [1]
UART0_Handler           0x0000082b   0x68  Code  Gb  main.o [1]
UARTCharGetNonBlocking  0x000009bb    0xe  Code  Gb  uart.o [4]
UARTCharPutNonBlocking  0x000009c9    0xe  Code  Gb  uart.o [4]
UARTCharsAvail          0x000009ab    0x6  Code  Gb  uart.o [4]
UARTConfigSetExpClk     0x0000091d   0x4c  Code  Gb  uart.o [4]
UARTDisable             0x00000983   0x1e  Code  Gb  uart.o [4]
UARTEnable              0x00000969   0x1a  Code  Gb  uart.o [4]
UARTIntClear            0x000009e7    0x4  Code  Gb  uart.o [4]
UARTIntEnable           0x000009d7    0x6  Code  Gb  uart.o [4]
UARTIntStatus           0x000009dd    0xa  Code  Gb  uart.o [4]
__Vectors               0x00000000          --   Gb  startup_LM4F.o [1]
__Vectors_End           0x0000026c         Data  Gb  startup_LM4F.o [1]
__Vectors_Size {Abs}    0x0000026c          --   Gb  startup_LM4F.o [1]
__cmain                 0x00000c31         Code  Gb  cmain.o [6]
__exit                  0x00000c61   0x14  Code  Gb  exit.o [7]
__iar_init_vfp          0x00000c0d         Code  Gb  fpinit_M.o [5]
__iar_program_start     0x00000c85         Code  Gb  cstartup_M.o [6]
__low_level_init        0x00000c4b    0x4  Code  Gb  low_level_init.o [3]
__vector_table          0x00000000         Data  Gb  startup_LM4F.o [1]
__vector_table_0x1c     0x0000001c         Data  Gb  startup_LM4F.o [1]
_call_main              0x00000c3d         Code  Gb  cmain.o [6]
_exit                   0x00000c55         Code  Gb  cexit.o [6]
_main                   0x00000c47         Code  Gb  cmain.o [6]
board_init              0x0000079d    0x2  Code  Gb  main.o [1]
exit                    0x00000c4f    0x4  Code  Gb  exit.o [3]
g_pui32EnRegs           0x00000b54   0x14  Data  Lc  interrupt.o [4]
g_pui32GPIOBaseAddrs    0x00000524   0x90  Data  Lc  gpio.o [4]
g_pui32Xtals            0x00000730   0x6c  Data  Lc  sysctl.o [4]
led_off                 0x00000a45   0x30  Code  Gb  bsp_tm4c123g_launchpad.o [1]
led_toggle              0x00000a75   0x5a  Code  Gb  bsp_tm4c123g_launchpad.o [1]
main                    0x00000893   0x70  Code  Gb  main.o [1]


[1] = D:\kovalskiy\workspace\iar_remote_led\Debug\Obj
[2] = command line
[3] = dl7M_tln.a
[4] = driverlib.a
[5] = m7M_tls.a
[6] = rt7M_tl.a
[7] = shb_l.a

  3 708 bytes of readonly  code memory
      4 bytes of readonly  data memory
  4 096 bytes of readwrite data memory

Errors: none
Warnings: none
