###############################################################################
#
# IAR ELF Linker V7.50.2.10312/W32 for ARM                10/Aug/2021  08:28:05
# Copyright 2007-2015 IAR Systems AB.
#
#    Output file  =  
#        D:\kovalskiy\workspace\Client-Server-Board\iar_remote_led\Debug\Exe\c.out
#    Map file     =  
#        D:\kovalskiy\workspace\Client-Server-Board\iar_remote_led\Debug\List\c.map
#    Command line =  
#        D:\kovalskiy\workspace\Client-Server-Board\iar_remote_led\Debug\Obj\bsp_tm4c123g_launchpad.o
#        "C:\Program
#        Files\ARM\CSL\TexasInstruments\TivaWare\driverlib\ewarm\Exe\driverlib.a"
#        D:\kovalskiy\workspace\Client-Server-Board\iar_remote_led\Debug\Obj\main.o
#        D:\kovalskiy\workspace\Client-Server-Board\iar_remote_led\Debug\Obj\startup_LM4F.o
#        D:\kovalskiy\workspace\Client-Server-Board\iar_remote_led\Debug\Obj\system_LM4F_19,2MHz.o
#        -o
#        D:\kovalskiy\workspace\Client-Server-Board\iar_remote_led\Debug\Exe\c.out
#        --redirect _Printf=_PrintfFull --redirect _Scanf=_ScanfFull --map
#        D:\kovalskiy\workspace\Client-Server-Board\iar_remote_led\Debug\List\c.map
#        --config "C:\Program Files (x86)\IAR Systems\Embedded Workbench
#        7.3\arm\config\linker\TexasInstruments\TM4C123GH6.icf" --semihosting
#        --entry __iar_program_start --vfe
#
###############################################################################

*******************************************************************************
*** RUNTIME MODEL ATTRIBUTES
***

CppFlavor       = *
__SystemLibrary = DLib


*******************************************************************************
*** PLACEMENT SUMMARY
***

"A1":  place at 0x00000000 { ro section .intvec };
"P1":  place in [from 0x00000000 to 0x0003ffff] { ro };
"P2":  place in [from 0x20000000 to 0x20007fff] { rw, block CSTACK, block HEAP };

  Section            Kind        Address    Size  Object
  -------            ----        -------    ----  ------
"A1":                                      0x26c
  .intvec            ro code  0x00000000   0x26c  startup_LM4F.o [1]
                            - 0x0000026c   0x26c

"P1":                                      0xd00
  .text              ro code  0x0000026c   0x2d8  gpio.o [4]
  .text              ro code  0x00000544   0x23c  bsp_tm4c123g_launchpad.o [1]
  .text              ro code  0x00000780   0x1e8  sysctl.o [4]
  .text              ro code  0x00000968    0xca  uart.o [4]
  .rodata            const    0x00000a32     0x2  bsp_tm4c123g_launchpad.o [1]
  .text              ro code  0x00000a34    0x84  interrupt.o [4]
  .text              ro code  0x00000ab8   0x128  main.o [1]
  .text              ro code  0x00000be0     0x8  cpu.o [4]
  .text              ro code  0x00000be8    0x9c  system_LM4F_19,2MHz.o [1]
  .text              ro code  0x00000c84    0x38  packbits_init_single.o [6]
  .text              ro code  0x00000cbc    0x28  data_init.o [6]
  .text              ro code  0x00000ce4    0x22  fpinit_M.o [5]
  .iar.init_table    const    0x00000d08    0x10  - Linker created -
  .text              ro code  0x00000d18    0x1a  cmain.o [6]
  .text              ro code  0x00000d32     0x4  low_level_init.o [3]
  .text              ro code  0x00000d36     0x4  exit.o [3]
  .text              ro code  0x00000d3c     0xa  cexit.o [6]
  .text              ro code  0x00000d48    0x14  exit.o [7]
  .text              ro code  0x00000d5c    0x10  startup_LM4F.o [1]
  .text              ro code  0x00000d6c     0xc  cstartup_M.o [6]
  .rodata            const    0x00000d78     0x4  main.o [1]
  .text              ro code  0x00000d7c     0x4  startup_LM4F.o [1]
  .text              ro code  0x00000d80     0x4  startup_LM4F.o [1]
  .text              ro code  0x00000d84     0x4  startup_LM4F.o [1]
  .text              ro code  0x00000d88     0x4  startup_LM4F.o [1]
  .text              ro code  0x00000d8c     0x4  startup_LM4F.o [1]
  .text              ro code  0x00000d90     0x4  startup_LM4F.o [1]
  .text              ro code  0x00000d94     0x4  startup_LM4F.o [1]
  .text              ro code  0x00000d98     0x4  startup_LM4F.o [1]
  .text              ro code  0x00000d9c     0x4  startup_LM4F.o [1]
  .text              ro code  0x00000da0     0x4  startup_LM4F.o [1]
  .text              ro code  0x00000da4     0x4  startup_LM4F.o [1]
  .text              ro code  0x00000da8     0x4  startup_LM4F.o [1]
  .text              ro code  0x00000dac     0x4  startup_LM4F.o [1]
  .text              ro code  0x00000db0     0x4  startup_LM4F.o [1]
  .text              ro code  0x00000db4     0x4  startup_LM4F.o [1]
  .text              ro code  0x00000db8     0x4  startup_LM4F.o [1]
  .text              ro code  0x00000dbc     0x4  startup_LM4F.o [1]
  .text              ro code  0x00000dc0     0x4  startup_LM4F.o [1]
  .text              ro code  0x00000dc4     0x4  startup_LM4F.o [1]
  .text              ro code  0x00000dc8     0x4  startup_LM4F.o [1]
  .text              ro code  0x00000dcc     0x4  startup_LM4F.o [1]
  .text              ro code  0x00000dd0     0x4  startup_LM4F.o [1]
  .text              ro code  0x00000dd4     0x4  startup_LM4F.o [1]
  .text              ro code  0x00000dd8     0x4  startup_LM4F.o [1]
  .text              ro code  0x00000ddc     0x4  startup_LM4F.o [1]
  .text              ro code  0x00000de0     0x4  startup_LM4F.o [1]
  .text              ro code  0x00000de4     0x4  startup_LM4F.o [1]
  .text              ro code  0x00000de8     0x4  startup_LM4F.o [1]
  .text              ro code  0x00000dec     0x4  startup_LM4F.o [1]
  .text              ro code  0x00000df0     0x4  startup_LM4F.o [1]
  .text              ro code  0x00000df4     0x4  startup_LM4F.o [1]
  .text              ro code  0x00000df8     0x4  startup_LM4F.o [1]
  .text              ro code  0x00000dfc     0x4  startup_LM4F.o [1]
  .text              ro code  0x00000e00     0x4  startup_LM4F.o [1]
  .text              ro code  0x00000e04     0x4  startup_LM4F.o [1]
  .text              ro code  0x00000e08     0x4  startup_LM4F.o [1]
  .text              ro code  0x00000e0c     0x4  startup_LM4F.o [1]
  .text              ro code  0x00000e10     0x4  startup_LM4F.o [1]
  .text              ro code  0x00000e14     0x4  startup_LM4F.o [1]
  .text              ro code  0x00000e18     0x4  startup_LM4F.o [1]
  .text              ro code  0x00000e1c     0x4  startup_LM4F.o [1]
  .text              ro code  0x00000e20     0x4  startup_LM4F.o [1]
  .text              ro code  0x00000e24     0x4  startup_LM4F.o [1]
  .text              ro code  0x00000e28     0x4  startup_LM4F.o [1]
  .text              ro code  0x00000e2c     0x4  startup_LM4F.o [1]
  .text              ro code  0x00000e30     0x4  startup_LM4F.o [1]
  .text              ro code  0x00000e34     0x4  startup_LM4F.o [1]
  .text              ro code  0x00000e38     0x4  startup_LM4F.o [1]
  .text              ro code  0x00000e3c     0x4  startup_LM4F.o [1]
  .text              ro code  0x00000e40     0x4  startup_LM4F.o [1]
  .text              ro code  0x00000e44     0x4  startup_LM4F.o [1]
  .text              ro code  0x00000e48     0x4  startup_LM4F.o [1]
  .text              ro code  0x00000e4c     0x4  startup_LM4F.o [1]
  .text              ro code  0x00000e50     0x4  startup_LM4F.o [1]
  .text              ro code  0x00000e54     0x4  startup_LM4F.o [1]
  .text              ro code  0x00000e58     0x4  startup_LM4F.o [1]
  .text              ro code  0x00000e5c     0x4  startup_LM4F.o [1]
  .text              ro code  0x00000e60     0x4  startup_LM4F.o [1]
  .text              ro code  0x00000e64     0x4  startup_LM4F.o [1]
  .text              ro code  0x00000e68     0x4  startup_LM4F.o [1]
  .text              ro code  0x00000e6c     0x4  startup_LM4F.o [1]
  .text              ro code  0x00000e70     0x4  startup_LM4F.o [1]
  .text              ro code  0x00000e74     0x4  startup_LM4F.o [1]
  .text              ro code  0x00000e78     0x4  startup_LM4F.o [1]
  .text              ro code  0x00000e7c     0x4  startup_LM4F.o [1]
  .text              ro code  0x00000e80     0x4  startup_LM4F.o [1]
  .text              ro code  0x00000e84     0x4  startup_LM4F.o [1]
  .text              ro code  0x00000e88     0x4  startup_LM4F.o [1]
  .text              ro code  0x00000e8c     0x4  startup_LM4F.o [1]
  .text              ro code  0x00000e90     0x4  startup_LM4F.o [1]
  .text              ro code  0x00000e94     0x4  startup_LM4F.o [1]
  .text              ro code  0x00000e98     0x4  startup_LM4F.o [1]
  .text              ro code  0x00000e9c     0x4  startup_LM4F.o [1]
  .text              ro code  0x00000ea0     0x4  startup_LM4F.o [1]
  .text              ro code  0x00000ea4     0x4  startup_LM4F.o [1]
  .text              ro code  0x00000ea8     0x4  startup_LM4F.o [1]
  .text              ro code  0x00000eac     0x4  startup_LM4F.o [1]
  .text              ro code  0x00000eb0     0x4  startup_LM4F.o [1]
  .text              ro code  0x00000eb4     0x4  startup_LM4F.o [1]
  .text              ro code  0x00000eb8     0x4  startup_LM4F.o [1]
  .text              ro code  0x00000ebc     0x4  startup_LM4F.o [1]
  .text              ro code  0x00000ec0     0x4  startup_LM4F.o [1]
  .text              ro code  0x00000ec4     0x4  startup_LM4F.o [1]
  .text              ro code  0x00000ec8     0x4  startup_LM4F.o [1]
  .text              ro code  0x00000ecc     0x4  startup_LM4F.o [1]
  .text              ro code  0x00000ed0     0x4  startup_LM4F.o [1]
  .text              ro code  0x00000ed4     0x4  startup_LM4F.o [1]
  .text              ro code  0x00000ed8     0x4  startup_LM4F.o [1]
  .text              ro code  0x00000edc     0x4  startup_LM4F.o [1]
  .text              ro code  0x00000ee0     0x4  startup_LM4F.o [1]
  .text              ro code  0x00000ee4     0x4  startup_LM4F.o [1]
  .text              ro code  0x00000ee8     0x4  startup_LM4F.o [1]
  .text              ro code  0x00000eec     0x4  startup_LM4F.o [1]
  .text              ro code  0x00000ef0     0x4  startup_LM4F.o [1]
  .text              ro code  0x00000ef4     0x4  startup_LM4F.o [1]
  .text              ro code  0x00000ef8     0x4  startup_LM4F.o [1]
  .text              ro code  0x00000efc     0x4  startup_LM4F.o [1]
  .text              ro code  0x00000f00     0x4  startup_LM4F.o [1]
  .text              ro code  0x00000f04     0x4  startup_LM4F.o [1]
  .text              ro code  0x00000f08     0x4  startup_LM4F.o [1]
  .text              ro code  0x00000f0c     0x4  startup_LM4F.o [1]
  .text              ro code  0x00000f10     0x4  startup_LM4F.o [1]
  .text              ro code  0x00000f14     0x4  startup_LM4F.o [1]
  .text              ro code  0x00000f18     0x4  startup_LM4F.o [1]
  .text              ro code  0x00000f1c     0x4  startup_LM4F.o [1]
  .text              ro code  0x00000f20     0x4  startup_LM4F.o [1]
  .text              ro code  0x00000f24     0x4  startup_LM4F.o [1]
  .text              ro code  0x00000f28     0x4  startup_LM4F.o [1]
  .text              ro code  0x00000f2c     0x4  startup_LM4F.o [1]
  .text              ro code  0x00000f30     0x4  startup_LM4F.o [1]
  .text              ro code  0x00000f34     0x4  startup_LM4F.o [1]
  .text              ro code  0x00000f38     0x4  startup_LM4F.o [1]
  .text              ro code  0x00000f3c     0x4  startup_LM4F.o [1]
  .text              ro code  0x00000f40     0x4  startup_LM4F.o [1]
  .text              ro code  0x00000f44     0x4  startup_LM4F.o [1]
  .text              ro code  0x00000f48     0x4  startup_LM4F.o [1]
  .text              ro code  0x00000f4c     0x4  startup_LM4F.o [1]
  .text              ro code  0x00000f50     0x4  startup_LM4F.o [1]
  .text              ro code  0x00000f54     0x4  startup_LM4F.o [1]
  .text              ro code  0x00000f58     0x4  startup_LM4F.o [1]
  .text              ro code  0x00000f5c     0x4  startup_LM4F.o [1]
  .text              ro code  0x00000f60     0x4  startup_LM4F.o [1]
  .text              ro code  0x00000f64     0x4  startup_LM4F.o [1]
  .rodata            const    0x00000f68     0x0  packbits_init_single.o [6]
  Initializer bytes  const    0x00000f68     0x4  <for P2-1>
                            - 0x00000f6c   0xd00

"P2", part 1 of 2:                          0x13
  P2-1                        0x20000000    0x13  <Init block>
    .data            inited   0x20000000     0x8  bsp_tm4c123g_launchpad.o [1]
    .data            inited   0x20000008     0x8  bsp_tm4c123g_launchpad.o [1]
    .bss             inited   0x20000010     0x2  bsp_tm4c123g_launchpad.o [1]
    .bss             inited   0x20000012     0x1  main.o [1]
                            - 0x20000013    0x13

"P2", part 2 of 2:                        0x1000
  CSTACK                      0x20000018  0x1000  <Block>
    CSTACK           uninit   0x20000018  0x1000  <Block tail>
                            - 0x20001018  0x1000


*******************************************************************************
*** INIT TABLE
***

          Address     Size
          -------     ----
Copy/packbits (__iar_packbits_init_single3)
    1 source range, total size 0x4 (21% of destination):
          0x00000f68   0x4
    1 destination range, total size 0x13:
          0x20000000  0x13



*******************************************************************************
*** MODULE SUMMARY
***

    Module                    ro code  ro data  rw data
    ------                    -------  -------  -------
D:\kovalskiy\workspace\Client-Server-Board\iar_remote_led\Debug\Obj: [1]
    bsp_tm4c123g_launchpad.o      572        5       18
    main.o                        296        5        1
    startup_LM4F.o              1 128
    system_LM4F_19,2MHz.o         156
    ---------------------------------------------------
    Total:                      2 152       10       19

command line: [2]
    ---------------------------------------------------
    Total:

dl7M_tln.a: [3]
    exit.o                          4
    low_level_init.o                4
    ---------------------------------------------------
    Total:                          8

driverlib.a: [4]
    cpu.o                           8
    gpio.o                        728
    interrupt.o                   132
    sysctl.o                      488
    uart.o                        202
    ---------------------------------------------------
    Total:                      1 558

m7M_tls.a: [5]
    fpinit_M.o                     34
    ---------------------------------------------------
    Total:                         34

rt7M_tl.a: [6]
    cexit.o                        10
    cmain.o                        26
    cstartup_M.o                   12
    data_init.o                    40
    packbits_init_single.o         56
    ---------------------------------------------------
    Total:                        144

shb_l.a: [7]
    exit.o                         20
    ---------------------------------------------------
    Total:                         20

    Gaps                            4        2
    Linker created                          16    4 096
-------------------------------------------------------
    Grand Total:                3 920       28    4 115


*******************************************************************************
*** ENTRY LIST
***

Entry                      Address   Size  Type      Object
-----                      -------   ----  ----      ------
.iar.init_table$$Base   0x00000d08          --   Gb  - Linker created -
.iar.init_table$$Limit  0x00000d18          --   Gb  - Linker created -
?main                   0x00000d19         Code  Gb  cmain.o [6]
CPUcpsie                0x00000be1    0x8  Code  Gb  cpu.o [4]
CSTACK$$Base            0x20000018          --   Gb  - Linker created -
CSTACK$$Limit           0x20001018          --   Gb  - Linker created -
GPIODirModeSet          0x0000026d   0x28  Code  Gb  gpio.o [4]
GPIOPadConfigSet        0x00000295  0x174  Code  Gb  gpio.o [4]
GPIOPinConfigure        0x0000046d   0x38  Code  Gb  gpio.o [4]
GPIOPinRead             0x00000409    0x6  Code  Gb  gpio.o [4]
GPIOPinTypeGPIOInput    0x00000419   0x14  Code  Gb  gpio.o [4]
GPIOPinTypeGPIOOutput   0x0000042d    0xa  Code  Gb  gpio.o [4]
GPIOPinTypeUART         0x00000451   0x14  Code  Gb  gpio.o [4]
GPIOPinWrite            0x0000040f    0x6  Code  Gb  gpio.o [4]
HwSetup                 0x00000545   0xa4  Code  Gb  bsp_tm4c123g_launchpad.o [1]
IntEnable               0x00000a45   0x56  Code  Gb  interrupt.o [4]
IntMasterEnable         0x00000a35    0x8  Code  Gb  interrupt.o [4]
Region$$Table$$Base     0x00000d08          --   Gb  - Linker created -
Region$$Table$$Limit    0x00000d18          --   Gb  - Linker created -
SysCtlClockGet          0x000007bd  0x110  Code  Gb  sysctl.o [4]
SysCtlPeripheralEnable  0x000007a1    0x8  Code  Gb  sysctl.o [4]
SysCtlPeripheralReady   0x00000781    0x8  Code  Gb  sysctl.o [4]
SystemInit              0x00000be9   0x6a  Code  Gb  system_LM4F_19,2MHz.o [1]
UART0_Handler           0x00000abb   0x1a  Code  Gb  main.o [1]
UARTCharGetNonBlocking  0x00000a07    0xe  Code  Gb  uart.o [4]
UARTCharPut             0x00000a15    0xa  Code  Gb  uart.o [4]
UARTCharsAvail          0x000009f7    0x6  Code  Gb  uart.o [4]
UARTConfigSetExpClk     0x00000969   0x4c  Code  Gb  uart.o [4]
UARTDisable             0x000009cf   0x1e  Code  Gb  uart.o [4]
UARTEnable              0x000009b5   0x1a  Code  Gb  uart.o [4]
UARTIntClear            0x00000a2f    0x4  Code  Gb  uart.o [4]
UARTIntEnable           0x00000a1f    0x6  Code  Gb  uart.o [4]
UARTIntStatus           0x00000a25    0xa  Code  Gb  uart.o [4]
__Vectors               0x00000000          --   Gb  startup_LM4F.o [1]
__Vectors_End           0x0000026c         Data  Gb  startup_LM4F.o [1]
__Vectors_Size {Abs}    0x0000026c          --   Gb  startup_LM4F.o [1]
__cmain                 0x00000d19         Code  Gb  cmain.o [6]
__exit                  0x00000d49   0x14  Code  Gb  exit.o [7]
__iar_data_init3        0x00000cbd   0x28  Code  Gb  data_init.o [6]
__iar_init_vfp          0x00000ce5         Code  Gb  fpinit_M.o [5]
__iar_packbits_init_single3
                        0x00000c85   0x38  Code  Gb  packbits_init_single.o [6]
__iar_program_start     0x00000d6d         Code  Gb  cstartup_M.o [6]
__low_level_init        0x00000d33    0x4  Code  Gb  low_level_init.o [3]
__vector_table          0x00000000         Data  Gb  startup_LM4F.o [1]
__vector_table_0x1c     0x0000001c         Data  Gb  startup_LM4F.o [1]
_call_main              0x00000d25         Code  Gb  cmain.o [6]
_exit                   0x00000d3d         Code  Gb  cexit.o [6]
_main                   0x00000d2f         Code  Gb  cmain.o [6]
board_init              0x00000ab9    0x2  Code  Gb  main.o [1]
bspBtnPolling           0x000006b1   0x98  Code  Gb  bsp_tm4c123g_launchpad.o [1]
exit                    0x00000d37    0x4  Code  Gb  exit.o [3]
g_pui32EnRegs           0x00000aa4   0x14  Data  Lc  interrupt.o [4]
g_pui32GPIOBaseAddrs    0x000004b4   0x90  Data  Lc  gpio.o [4]
g_pui32Xtals            0x000008fc   0x6c  Data  Lc  sysctl.o [4]
isButtonPressed         0x00000673   0x3e  Code  Gb  bsp_tm4c123g_launchpad.o [1]
led_off                 0x000005e9   0x30  Code  Gb  bsp_tm4c123g_launchpad.o [1]
led_toggle              0x00000619   0x5a  Code  Gb  bsp_tm4c123g_launchpad.o [1]
main                    0x00000ad5  0x100  Code  Gb  main.o [1]
received                0x20000012    0x1  Data  Gb  main.o [1]


[1] = D:\kovalskiy\workspace\Client-Server-Board\iar_remote_led\Debug\Obj
[2] = command line
[3] = dl7M_tln.a
[4] = driverlib.a
[5] = m7M_tls.a
[6] = rt7M_tl.a
[7] = shb_l.a

  3 920 bytes of readonly  code memory
     28 bytes of readonly  data memory
  4 115 bytes of readwrite data memory

Errors: none
Warnings: none
